004 phenylglycine
0A1 4-methoxy-phenylalanine
0AF 7-hydroxy-l-tryptophan
0BN 4-carbamimidoyl-l-phenylalanine
0TD (3S)-3-(methylsulfanyl)-L-aspartic acid
143 S-2,3-dihydro-5-glycin-2-yl-isoxazol-3-yl-cysteine
200 4-chloro-phenylalanine
26P 2-amino-6-oxopimelic acid
2AG 2-allyl-glycine
2AS 3-methyl-aspartic acid
2CO S-hydroperoxycysteine
2FM s-(diuoromethyl)-homocysteine
2GX beta-phenyl-L-phenylalanine
2HF 2-uoro-l-histidine
2LT 3,5-dichloro-L-tyrosine
2MR N3, N4-dimethylarginine
2NP l-2-amino-6-methylene-pimelic acid
32T 3-(4H-thieno[3,2-b]pyrrol-6-yl)-L-alanine
3CF 3-cyano-phenylalanine
3CT 3-chloro-L-tyrosine
3FG (2s)-amino(3,5-dihydroxyphenyl)-ethanoic acid
3GL 4-hydroxy-glutamic-acid
3MY 3-chloro-tyrosine
4BF 4-bromo-phenylalanine
4CF 4-cyano-phenylalanine
4CY nitrilo-l-methionine
4FB (4S)-4-uoro-L-proline
4FW 4-uoro-tryptophan
4HH O-[(S)-hydroxy[(3R)-3-hydroxy-2,2-dimethyl- 4-oxo-4-(3-oxo-3-[(2-sulfanylethyl)
amino]propylamino)butyl]oxyphosphoryl]-L-serine
4HMP 4-hydroxymethyl-phenylalanine
4HT 4-hydroxy-tryptophan
4IN 4-amino-l-tryptophan
4PH 4-methyl-phenylalanine
5CS 2-amino-3-(cystein-S-yl)-isoxazolidin-5-yl-acetic acid
5CT hypusine
6CL 6-carboxylysine
6CW 6-chloro-l-tryptophan
6V1 (2 R)-2-azanyl-3-[(3 R)-1-ethyl-2,5-bis(oxidanylidene)pyrrolidin-3-yl]sulfanyl-propanoic acid
8LJ (2S)-2,3-dihydro-1H-pyrrole-2-carboxylic acid
9R1 (2S)-2-aminooctanedioic acid
AA4 2-amino-5-hydroxypentanoic acid
ABA 2-aminobutyric acid
ACZ cis-amiclenomycin
AGM 5-methyl-arginine
AGT S-(S)-amino[(4-aminobutyl)amino]methyl-L-cysteine
AHB beta-hydroxyasparagine
AHP 2-aminoheptanoic acid
ALC 3-cyclohexyl-alanine
ALN 1-naphthyl-alanine
ALO allo-threonine
ALS (3S)-3-(sulfooxy)-L-serine
ANTH 3-(9-anthryl)-alanine
APD 3-Methyl-phenylalanine
APK 5'-O-[(S)-[(5S)-5-amino-6-oxohexyl]amino(hydroxy)phosphoryl]adenosine
APM m-amidinophenyl-3-alanine
ARO c-gamma-hydroxy arginine
AS2 (2r)-2-amino-4-oxobutanoic acid
ASB aspartic acid-4-carboxymethyl ester
ASL aspartic acid-4-carboxyethyl ester
AYA N-acetylalanine
AZDA azido-alanine
AZH azidohomoalanine
B2H Chromophore (Thr, Trp,
B3A (3S)-3-aminobutanoic acid
B3E (3S)-3-aminohexanedioic acid
B3K (3S)-3,7-diaminoheptanoic acid
B3S (3R)-3-amino-4-hydroxybutanoic acid
B3X (3S)-3,5-diamino-5-oxopentanoic acid
B3Y (3S)-3-amino-4-(4-hydroxyphenyl)butanoic acid
BB8 phenylserine
BCS benzylcysteine
BHD beta-hydroxyaspartic acid
BIF 4,4-biphenylalanine
BIU 5-bromo-l-isoleucine
BTH3 3-(3-benzothienyl)-alanine
BTR 6-bromo-tryptophan
BUG tertleucine
BXT (2 S)-2-azanyl-3-[ethyl(methyl)carbamoyl]oxy-propanoic acid
BYR 3-bromo-L-tyrosine
C2N 3-chloro-D-alanine
CAN canaline
CCS carboxymethylated cysteine
CGU gamma-carboxy-glutamic acid
CGV S-[(R)-carboxy(hydroxy)methyl]-L-cysteine
CH6 (4Z)-2-[(1S)-1-amino-3-(methylsulfanyl)propyl] -4-[(4-hydroxyphenyl) methylidene]-5-oxo-4acetic 5-dihydro-1H-imidazol-1-ylacetic acid
CHG Cyclohexylglycine
CHP 3-chloro-4-hydroxy-phenylglycine
CIR citrulline
CME S,S-(2-hydroxyethyl)thiocysteine
CML (2S)-2-[(2R)-2-amino-2-carboxyethyl]sulfanylbutanedioic acid
CNP2 2-cyano-phenylalanine
CP24 2,4-dichloro-phenylalanine
CP34 3,4-dichloro-phenylalanine
CPA3 3-cyclopentyl-alanine
CPG2 2-chloro-phenylglycine
CPG3 3-chloro-phenylglycine
CPG4 4-chloro-phenylglycine
CPH2 2-chloro-phenylalanine
CR2 (4Z)-2-(aminomethyl)-4-[(4-hydroxyphenyl)methylidene]-5-oxo-4acetic 5-dihydro-1H-imidazol-1-ylacetic acid
CR8D 2-[1-amino-2-(1h- imidazol-5-yl)ethyl]-1- (carbO ymethyl)-4-[(4-O ocyclohexa-2,5-dien-1-ylidene)methyl]-1h-imidazol-5-olate
CRF [(4Z)-2-[(1R,2R) -1-amino-2-hydroxypropyl] -4-(1H-indol-3-ylmethylidene)-5-oxo-4,5-dihydro-1H-imidazol-1-yl]acetic acid
CRO 2-[(1R,2R)-1-amino-2-hydroxypropyl] -4-(4-hydroxybenzylidene)-5-oxo-4acetic5-dihydro-1H-imidazol-1-ylacetic acid
CRQ [2-(3-CARBAMOYL-1-IMINO-PROPYL)-4-(4-HYDROXY-BENZYLIDENE)-5-OXO-4,5-DIHYDRO-IMIDAZOL-1-YL]-ACETIC ACID
CSA s-acetonylcysteine
CSO S-hydroxycysteine
CSS S-mercaptocysteine
CSU cysteine-S-sulfonic acid
CSX S-oxy cysteine
CTE 7-chloro-tryptophan
CTH 4-chloro-threonine
CXM N-carboxymethionine
CYD 2-amino-6-(cystein-S-yl)-5-oxo-hexanoic acid
CYF 5-[2-(2-amino-2-carbamoyl-ethylsulfanyl)-acetylamino]-2-(3,6-dihydroxy-9,9a-dihydro-3h-xanthen-9-yl)-benzoic acid
CYG 2-amino-4-(amino-3-oxo-propylsulfanylcarbonyl)-butyric acid
CYQ 2-amino-3-phosphonomethylsulfanyl-propionic acid
D4P 4-Hydroxy-phenylglycine
DA2 NG,NG-dimethyl-L-arginine
DAB diaminobutyric acid
DAH 3,4-Dihydroxy-phenylalanine
DBB D-alpha-aminobutyric acid
DBY 3,5-dibromotyrosine
DBZ 3-(benzoylamino)-L-alanine
DDE 3-[4-(2-amino-2-carboxy-ethyl)-1H-imidazol-2-yl]-1-carbamoyl-propyl-trimethyl-ammonium
DDZ 3,3-dihydroxy-alanine
DILE diethylalanine
DIPH 3,3-diphenylalanine
DMK 3,3-dimethyl aspartic acid
DMP3 3-ethyl-phenylalanine
DNP 3-amino-alanine
DPP 2,3-Diaminopropanoic acid
DYA Didehydroaspartate
DYG (3S)-3-amino-3-[(4Z)-1-(carboxymethyl)-4-[(4-hydroxyphenyl)methylidene]-5-oxo-imidazol-2-yl]propanoic acid
ESC ethionine
F2F 3,4-diuoro-phenylalanine
FCL 3-chloro-Phenylalanine
FGA4 4-uoro-glutamic acid
FGL 2-aminopropanedioic acid
FHO N5-formyl-N5-hydroxy-L-ornithine
FLA Triuoroalanine
FME N-formylmethionine
FP9 (4R)-4-uoro-L-proline
FPG2 2-uoro-phenylglycine
FPG3 3-uoro-phenylglycine
FPG4 4-uoro-phenylglycine
FPH2 2-uoro-phenylalanine
FPH3 3-uoro-phenylalanine
FT6 6-uoro-l-tryptophan
FTR 5-uoro-tryptophan
FUA2 (2-furyl)-alanine
FVAL 3-uoro-valine
FZN (2S)-2-amino-6-{[(1Z)-1-{[(2R,3R,4S,5R)-5-([(R)-{[(R)-[(2R,3S,4R,5R)-5-(6-amino-9H-purin-9-yl)-3,4-dihydroxytetrahydrofuran-2-yl]methoxy}(hydroxy)phosphoryl]oxy}(hydroxy)phosphoryl]oxy}methyl)-3,4-dihydroxytetrahydrofuran-2-yl]sulfanylethylidene] aminohexanoic acid
GBUT 2-amino-4-guanidinobutryric acid
GDPR 2-amino-3-guanidinopropionic acid
GGB Canavanine
GHG (2s,4s)-2,5-diamino-4-hydroxy-5-oxopentanoic acid
GL3 Thioglycin
GME 5-o-methyl-glutamic acid
GPL lysine guanosine-5'-monophosphate
GYS [(4Z)-2-(1-amino-2-hydroxyethyl)-4-(4-hydroxybenzylidene)-5-oxo-4,5-dihydro-1h-imidazol-1-yl]acetic acid
HCS homocysteine
HGA glutamine hydroxamate
HHK (2s)-2,8-diaminooctanoic acid
HIC 4-methyl-histidine
HIL4 4-hydroxy-L-isoleucine
HIP ND1-phosphonohistidine
HIX 3-(1H-1,2,3-triazol-5-yl)-L-alanine
HL2 Histidine
HLEU homoleucine
HLU beta-hydroxyleucine
HMR beta-homoarginine
HOX 4-amino-L-phenylalanine
HPE homophenylalanine
HQA 3-(8-hydroxyquinolin-3-yl)-l-alanine
HRG Homoarginine
HRP 5-hydroxy-tryptophan
HSER homoserine
HT7 (3S)-3-amino-4-(1h-indol-3-yl)butanoic acid
HTI (4S)-4-[(2S)-2-amino-3-oxopropyl]sulfanyl-L-homoserine
HTR beta-hydroxy-tryptophane
HVA 3-hydroxy-l-valine
HZP (4S)-4-hydroxy-L-proline
I2M 3-methyl-l-alloisoleucine
I4G N-(2-methylpropyl)glycine
IAM 4-[(isopropylamino)methyl]phenylalanine
IAS beta-L-aspartic acid
IGL alpha-amino-2-indanacetic acid
IIL Allo-Isoleucine
ILX 4,5-dihydroxy-isoleucine
IT1 (2S)-2-amino-6-[[3-hydroxy-2-methyl-5-(phosphonooxymethyl)pyridin-4-yl]methylideneamino]hexanoic acid
IYR 3-iodo-tyrosine
JJJ S-(pyridin-3-ylcarbonyl)-L-cysteine
KCR N-6-crotonyl-L-lysine
KCX lysine NZ-carboxylic acid
KHB N 6 -[(3S)-3-hydroxybutanoyl]-L-lysine
KPI (2S)-2-amino-6-[(1-hydroxy-1-oxo-propan-2-ylidene)amino]hexanoic acid
KYN kynurenine
LA2 N 6 -[(6R)-6,8-disulfanyloctanoyl]-L-lysine
LDO 6-hydroxy-l-norleucine
LE1 Penicillamine
LED (4r)-5-oxo-l-leucine
LEF (4s)-5-uoro-l-leucine
LLP (2S)-2-amino-6-[[3-hydroxy-2-methyl-5-(phosphonooxymethyl)pyridin-4-yl]methylideneamino]hexanoic acid
LME (3r)-3-methyl-l-glutamic acid
LMQ 3-methyl-l-glutamine
LVG vinylglycine
LVN 4-oxo-l-valine
LYX N-(2-coenzyme A)-propanoyl-lysine
LYZ 5-hydroxylysine
M0H S-(hydroxymethyl)-L-cysteine
M2S 3,3-dimethyl-methionine sulfoxide
M3L N-trimethyllysine
MAA N-methyl-L-alanine
MCL NZ-(1-carboxyethyl)-lysine
MCS malonyl cysteine
MDO [2-((1S)-1-aminoethyl)-4-methylidene-5-oxo-4,5-dihydro-1H-imidazol-1-yl]acetic acid
ME0 hydroxy-l-methionine
MEG (3s)-3-methyl-l-glutamic acid
MEN n-methyl-asparagine
MEQ n5-methyl-glutamine
MHO s-oxymethionine
MHS N1-methylated histidine
MIR monoethylphosphorylserine
MLY N-dimethyl-lysine
MLZ N-methyl-lysine
MOT5 5-methoxy-tryptophan
MP34 3,4-dimethyl-phenylalanine
MP8 (4R)-4-methyl-L-proline
MPH2 2-methyl-phenylalanine
MTR5 5-methyl-tryptophan
MTR6 6-methyl-tryptophan
MTY meta-tyrosine
NAL 2-naphthyl-alanine
NAO1 5-hydroxy-1-naphthalene
NAO2 6-hydroxy-2-naphthalene
NEP N1-phosphonohistidine
NIY meta-nitro-tyrosine
NMM (2S)-2-amino-5-[(N-methylcarbamimidoyl)amino]pentanoic acid
NRQ (4Z)-4-(4-hydroxybenzylidene)-2-[3-(methylthio)propanimidoyl]-5-oxo-4acetic5-dihydro-1H-imidazol-1-ylacetic acid
NVA norvaline
OAS o-acetylserine
OBF (2s)-2-amino-4,4-diuorobutanoic acid
OCS cysteinesulfonic acid
OCY s-(2-hydroxyethyl)-l-cysteine
OLT o-methyl-l-threonine
OMT methionine sulfone
OMX (betar)-beta-hydroxy-l-tyrosine
OMY (betaR)-3-chloro-beta-hydroxy-L-tyrosine
ONL 5-oxo-l-norleucine
ORN ornithine
OSE O-sulfo-L-serine
OTYR o-tyrosine
PBF 4-benzoyl-phenylalanine
PF5 pentauoro-phenylalanine
PFF 4-uoro-phenylalanine
PHD aspartyl phosphate
PHI 4-Iodo-Phenylalanine
PIA [(4Z)-2-[(1S)-1-aminoethyl]-4-(4-hydroxybenzylidene)-5-oxo-4,5-dihydro-1H-imidazol-1-yl]acetic acid
PM3 2-amino-3-(4-phosphonomethyl-phenyl)-propionic acid
PPN 4-nitro-phenylalanine
PR3 S,S-propylthiocysteine
PR4 1-[(2R)-2-carboxy-2-hydroxyethyl]-L-proline
PRK N 6 -propanoyl-L-lysine
PRS Thioproline
PRV (2R)-amino(2-nitrophenyl)ethanoic acid
PXU 2-hydroxy-L-proline
PYR2 3-(2-Pyridyl)-alanine
PYR3 3-(3-Pyridyl)-alanine
PYR4 3-(4-pyridyl)-alanine
PYZ1 3-(1-pyrazolyl)-alanine
QCS S-carbamoyl-L-cysteine
QPA S-[(1S)-1-carboxy-1-(phosphonooxy)ethyl]-L-cysteine
QU32 3-(2-Quinolyl)-alanine
QU33 3-(3-quinolyl)-alanine
QU34 3-(4-quinolyl)-alanine
QU35 3-(5-quinolyl)-alanine
QU36 3-(6-quinolyl)-alanine
QX32 3-(2-quinoxalyl)-alanine
R1A 3-[(2,2,5,5-tetramethyl-1-oxo-2,5-dihydro-1H-pyrrolium-3-yl)methyl]disulfanyl-D-alanine
SBG O-[(S)-hydroxy(methyl)phosphoryl]-L-serine
SCH S-methyl-thio-cysteine
SCS 3-(ethyldisulfanyl)-L-alanine
SDP 2-amino-3-(diethoxy-phosphoryloxy)-propionic acid
SEB O-benzylsulfonyl-serine
SEN O-[N,N-dimethylphosphoramidate]-L-serine
SGB O-[(S)-methyl(1-methylethoxy)phosphoryl]-L-serine
SLZ thialysine
SMC S-methylcysteine
SME methionine sulfoxide
SNC S-nitroso-cysteine
STYA Styrylalanine
SUI (3-amino-2,5-dioxo-1-pyrrolidinyl)acetic acid
SUN O-[(R)-(dimethylamino)(ethoxy)phosphoryl]-L-serine
SVV O-[(S)-amino(hydroxy)phosphoryl]-L-serine
SVX O-[(R)-ethoxy(methyl)phosphoryl]-L-serine
SVY O-[bis(1-methylethoxy)phosphoryl]-L-serine
SWG 2-[(4Z)-2-[(1R)-1-amino-2-hydroxy-ethyl]-4-(1H-indol-3-ylmethylidene)-5-oxo-
imidazol-1-yl]ethanoic acid
SYM 2s,4r-4-methylglutamate
TBP4 4-tert-butyl-phenylalanine
TEZA 3-(2-tetrazolyl)-alanine
TFG2 2-(triuoromethyl)-phenylglycine
TFG3 3-(triuoromethyl)-phenylglycine
TFG4 4-(triuoromethyl)-phenylglycine
TFLE 5,5,5-triuoro-leucine
TFP2 2-(triuoromethyl)-phenylalanine
TFP3 3-(triuoromethyl)-phenylalanine
TFP4 4-(Triuoromethyl)-phenylalanine
TH6 4-hydroxy-l-threonine
THA3 3-(3-thienyl)-alanine
THG2 2-thienylglycine
THG3 3-thienylglycine
THIC thio-citrulline
TIH 3-(2-thienyl)-alanine
TOX 1-hydroperoxy-L-tryptophan
TPQ 5-(2-carboxy-2-aminoethyl)-2-hydroxy-1,4-benzoquinone
TQQ (S)-2-amino-3-(6,7-dihydro-6-imino-7-oxo-1H-indol-3-yl)propanoic acid
TRO 2-hydroxy-tryptophan
TRQ 2-amino-3-(6,7-dioxo-6,7-dihydro-1H-indol-3-yl)-propionic acid
TRW TRW3-(2-amino-3-hydroxy-propyl)-6-(N'-cyclohexyl-hydrazino)octahydro-indol-7-ol
TRX 6-hydroxy-tryptophan
TS9 (2S,3S,4R)-2-amino-3,4-dihydroxy-3-methylpentanoic acid
TTQ 6-amino-7-hydroxy-l-tryptophan
TY2 3-amino-L-tyrosine
TYI 3,5-diiodotyrosine
TYQ 3-amino-6-hydroxy-tyrosine
TYS O-sulfo-L-tyrosine
TZA4 (4-thiazolyl)-alanine
UN1 2-Aminoadipic acid
VAH hydroxynorvaline
WFP 3,5-diuoro-phenylalanine
XCN S-cyano-L-cysteine
XYG [(4Z)-2-[(1Z)-ethanimidoyl]-4-(4-hydroxybenzylidene)-5-oxo-4,5-dihydro-1h-
imidazol-1-yl]acetic acid
YCM cysteine-s-acetamide
YOF 3-uorotyrosine
