            --------------------------------------------------------
                             AMBER SQM VERSION 19
 
                                     By
              Ross C. Walker, Michael F. Crowley, Scott Brozell,
                         Tim Giese, Andreas W. Goetz,
                        Tai-Sung Lee and David A. Case
 
            --------------------------------------------------------
 

--------------------------------------------------------------------------------
  QM CALCULATION INFO
--------------------------------------------------------------------------------

| QMMM: Citation for AMBER QMMM Run:
| QMMM: R.C. Walker, M.F. Crowley and D.A. Case, J. COMP. CHEM. 29:1019, 2008

QMMM: SINGLET STATE CALCULATION
QMMM: RHF CALCULATION, NO. OF DOUBLY OCCUPIED LEVELS = 18

| QMMM: *** Selected Hamiltonian *** 
| QMMM: AM1         

| QMMM: *** Parameter sets in use ***
| QMMM: C : M.J.S.DEWAR et al. JACS, 107, 3902, (1985)
| QMMM: N : M.J.S.DEWAR et al. JACS, 107, 3902, (1985)
| QMMM: O : M.J.S.DEWAR et al. JACS, 107, 3902, (1985)
| QMMM: H : M.J.S.DEWAR et al. JACS, 107, 3902, (1985)

| QMMM: *** SCF convergence criteria ***
| QMMM: Energy change                :  0.1D-09 kcal/mol
| QMMM: Error matrix |FP-PF|         :  0.1D+00 au
| QMMM: Density matrix change        :  0.5D-06
| QMMM: Maximum number of SCF cycles :     1000

| QMMM: *** Diagonalization Routine Information ***
| QMMM: Pseudo diagonalizations are allowed.
| QMMM: Auto diagonalization routine selection is in use.
| QMMM:
| QMMM: Timing diagonalization routines:
| QMMM:                              norbs =       33
| QMMM:    diag iterations used for timing =       20
| QMMM:
| QMMM:              Internal diag routine = 0.012553 seconds
| QMMM:                 Dspev diag routine = 0.013343 seconds
| QMMM:                Dspevd diag routine = 0.014739 seconds
| QMMM:                Dspevx diag routine = 0.023648 seconds
| QMMM:                 Dsyev diag routine = 0.007604 seconds
| QMMM:                Dsyevd diag routine = 0.008145 seconds
| QMMM:                Dsyevr diag routine = 0.009552 seconds
| QMMM:
| QMMM:                Pseudo diag routine = 0.001468 seconds
| QMMM:
| QMMM: Using dsyev routine (diag_routine=5).

  QMMM: QM Region Cartesian Coordinates (*=link atom) 
  QMMM: QM_NO.   MM_NO.  ATOM         X         Y         Z
  QMMM:     1        1      C        1.4330   -1.3350    2.0450
  QMMM:     2        2      C        1.3640   -0.5710    0.7330
  QMMM:     3        3      N       -0.0370   -0.5050    0.3650
  QMMM:     4        4      C        1.9100    0.8040    0.8770
  QMMM:     5        5      O        3.0560    0.9900    1.1770
  QMMM:     6        6      H        2.4010   -1.2030    2.5500
  QMMM:     7        7      H        1.1840   -2.3860    1.8160
  QMMM:     8        8      H        0.5750   -0.9520    2.6660
  QMMM:     9        9      H        1.9350   -1.1090   -0.0430
  QMMM:    10       10      H       -0.4770    0.2240    0.9510
  QMMM:    11       11      H       -0.4510   -1.4330    0.6170
  QMMM:    12       12      C        1.0140    1.9880    0.6430
  QMMM:    13       13      H        0.4640    1.8260   -0.2900
  QMMM:    14       14      H        1.6130    2.9160    0.5990
  QMMM:    15       15      H        0.3070    2.0450    1.5020

--------------------------------------------------------------------------------
  RESULTS
--------------------------------------------------------------------------------

      iter         sqm energy              rms gradient
      ----    -------------------    -----------------------
xmin    10      -48.9123 kcal/mol        0.6887 kcal/(mol*A)
xmin    20      -49.1560 kcal/mol        0.4702 kcal/(mol*A)
xmin    30      -49.2766 kcal/mol        0.2087 kcal/(mol*A)
xmin    40      -49.3095 kcal/mol        0.3251 kcal/(mol*A)
xmin    50      -49.3348 kcal/mol        0.2222 kcal/(mol*A)
xmin    60      -49.3498 kcal/mol        0.2692 kcal/(mol*A)
xmin    70      -49.3589 kcal/mol        0.2768 kcal/(mol*A)
xmin    80      -49.3704 kcal/mol        0.2379 kcal/(mol*A)
xmin    90      -49.3846 kcal/mol        0.2969 kcal/(mol*A)
xmin   100      -49.4064 kcal/mol        0.2658 kcal/(mol*A)
xmin   110      -49.4341 kcal/mol        0.3991 kcal/(mol*A)
xmin   120      -49.4452 kcal/mol        0.1040 kcal/(mol*A)
xmin   130      -49.4552 kcal/mol        0.2837 kcal/(mol*A)
xmin   140      -49.4681 kcal/mol        0.1046 kcal/(mol*A)
xmin   150      -49.4829 kcal/mol        0.2137 kcal/(mol*A)
xmin   160      -49.4973 kcal/mol        0.1091 kcal/(mol*A)
xmin   170      -49.5116 kcal/mol        0.2500 kcal/(mol*A)
xmin   180      -49.5334 kcal/mol        0.2109 kcal/(mol*A)
xmin   190      -49.5527 kcal/mol        0.1095 kcal/(mol*A)
xmin   200      -49.5789 kcal/mol        0.2289 kcal/(mol*A)
xmin   210      -49.5966 kcal/mol        0.2294 kcal/(mol*A)
xmin   220      -49.6054 kcal/mol        0.1345 kcal/(mol*A)
xmin   230      -49.6166 kcal/mol        0.1517 kcal/(mol*A)
xmin   240      -49.6187 kcal/mol        0.1359 kcal/(mol*A)
xmin   250      -49.6210 kcal/mol        0.0655 kcal/(mol*A)
xmin   260      -49.6227 kcal/mol        0.0624 kcal/(mol*A)
xmin   270      -49.6326 kcal/mol        0.0568 kcal/(mol*A)
xmin   280      -49.6333 kcal/mol        0.0517 kcal/(mol*A)
xmin   290      -49.6342 kcal/mol        0.0249 kcal/(mol*A)
xmin   300      -49.6359 kcal/mol        0.0367 kcal/(mol*A)
xmin   310      -49.6371 kcal/mol        0.0578 kcal/(mol*A)
xmin   320      -49.6379 kcal/mol        0.0821 kcal/(mol*A)
xmin   330      -49.6383 kcal/mol        0.0210 kcal/(mol*A)
xmin   340      -49.6386 kcal/mol        0.0186 kcal/(mol*A)
xmin   350      -49.6386 kcal/mol        0.0075 kcal/(mol*A)
xmin   360      -49.6386 kcal/mol        0.0088 kcal/(mol*A)
xmin   370      -49.6387 kcal/mol        0.0098 kcal/(mol*A)
xmin   380      -49.6387 kcal/mol        0.0047 kcal/(mol*A)
xmin   390      -49.6387 kcal/mol        0.0042 kcal/(mol*A)
xmin   400      -49.6387 kcal/mol        0.0014 kcal/(mol*A)
xmin   410      -49.6387 kcal/mol        0.0023 kcal/(mol*A)
  ... geometry converged !
 
 Final MO eigenvalues (eV):
 -39.8126  -36.4417  -30.8462  -30.0475  -24.6424  -20.1674  -17.9154  -16.6732
 -15.8930  -15.2682  -14.8273  -14.2029  -13.7538  -13.0490  -12.9315  -12.4031
 -10.6849  -10.1335    0.8889    2.8886    3.3634    3.5864    3.7522    3.8846
   4.1264    4.1822    4.2581    4.4541    4.5677    4.8512    5.7178    5.8854
   6.4851

 Heat of formation   =        -49.63869117 kcal/mol  (       -2.15249517 eV)

 Total SCF energy    =     -26841.82081237 kcal/mol  (    -1163.94869313 eV)
 Electronic energy   =    -102663.96599352 kcal/mol  (    -4451.84363183 eV)
 Core-core repulsion =      75822.14518115 kcal/mol  (     3287.89493869 eV)
 
    Atomic Charges for Step       1 :
  Atom    Element       Mulliken Charge
     1      C                 -0.250
     2      C                 -0.087
     3      N                 -0.332
     4      C                  0.239
     5      O                 -0.292
     6      H                  0.098
     7      H                  0.081
     8      H                  0.075
     9      H                  0.127
    10      H                  0.140
    11      H                  0.152
    12      C                 -0.267
    13      H                  0.118
    14      H                  0.106
    15      H                  0.091
 Total Mulliken Charge =      -0.000
 
                  X        Y        Z     TOTAL  
  QM DIPOLE    -2.872   -0.635    1.845    3.472
 
 Final Structure

  QMMM: QM Region Cartesian Coordinates (*=link atom) 
  QMMM: QM_NO.   MM_NO.  ATOM         X         Y         Z
  QMMM:     1        1      C        1.2899   -1.0259    2.2545
  QMMM:     2        2      C        1.3043   -0.6487    0.7709
  QMMM:     3        3      N        0.0238   -0.7056    0.0966
  QMMM:     4        4      C        1.9616    0.7296    0.6572
  QMMM:     5        5      O        3.1824    0.8141    0.4984
  QMMM:     6        6      H        2.3274   -0.9718    2.6634
  QMMM:     7        7      H        0.9099   -2.0670    2.3862
  QMMM:     8        8      H        0.6388   -0.3319    2.8382
  QMMM:     9        9      H        1.9843   -1.3812    0.2346
  QMMM:    10       10      H       -0.6418   -0.1035    0.5413
  QMMM:    11       11      H       -0.3261   -1.6436    0.1083
  QMMM:    12       12      C        1.0811    1.9282    0.7726
  QMMM:    13       13      H        0.4919    2.0456   -0.1713
  QMMM:    14       14      H        1.6908    2.8515    0.9294
  QMMM:    15       15      H        0.3727    1.8089    1.6277

           --------- Calculation Completed ----------

